// Jest Snapshot v1, https://goo.gl/fbAQLP

exports[`VideoTable renders properly 1`] = `
<div>
  <div
    class="row"
  >
    <div
      class="col-12 col-lg-4 col-md-6 col-xxl-3 px-1"
    >
      <div
        class="card mt-4"
      >
        <a
          href="/view?key=key-1"
          style="text-decoration: none;"
        >
          <div
            class="sc-furwcr fVLpJB card-img-top"
          >
            <div
              class="sc-pVTFL cyHGvI"
            />
            <img
              class="sc-jrQzAO kNhoaI"
              src="http://dummy-api-host/snapshot?key=key-1"
              style="opacity: 1;"
            />
            <div
              class="sc-kDTinF ihyLWR hstack m-1"
            />
          </div>
        </a>
        <div
          class="card-body"
        >
          <div
            class="card-title eglWpm fs-6 sc-egiyK"
            title="Video-1"
          >
            <a
              href="/view?key=key-1"
              style="text-decoration: none;"
            >
              Video-1
            </a>
          </div>
          <div
            class="card-subtitle text-muted"
          >
            <div
              class="sc-gsDKAQ gasfEg"
            >
              <div
                class="sc-bdvvtL imDser"
              >
                <mocked-star-void-svg
                  height="16"
                  width="16"
                />
              </div>
              <div
                class="sc-bdvvtL imDser"
              >
                <mocked-star-void-svg
                  height="16"
                  width="16"
                />
              </div>
              <div
                class="sc-bdvvtL imDser"
              >
                <mocked-star-void-svg
                  height="16"
                  width="16"
                />
              </div>
              <div
                class="sc-bdvvtL imDser"
              >
                <mocked-star-void-svg
                  height="16"
                  width="16"
                />
              </div>
              <div
                class="sc-bdvvtL imDser"
              >
                <mocked-star-void-svg
                  height="16"
                  width="16"
                />
              </div>
            </div>
          </div>
        </div>
      </div>
    </div>
    <div
      class="col-12 col-lg-4 col-md-6 col-xxl-3 px-1"
    >
      <div
        class="card mt-4"
      >
        <a
          href="/view?key=key-2"
          style="text-decoration: none;"
        >
          <div
            class="sc-furwcr fVLpJB card-img-top"
          >
            <div
              class="sc-pVTFL cyHGvI"
            />
            <img
              class="sc-jrQzAO kNhoaI"
              src="http://dummy-api-host/snapshot?key=key-2"
              style="opacity: 1;"
            />
            <div
              class="sc-kDTinF ihyLWR hstack m-1"
            />
          </div>
        </a>
        <div
          class="card-body"
        >
          <div
            class="card-title eglWpm fs-6 sc-egiyK"
            title="Video-2"
          >
            <a
              href="/view?key=key-2"
              style="text-decoration: none;"
            >
              Video-2
            </a>
          </div>
          <div
            class="card-subtitle text-muted"
          >
            <div
              class="sc-gsDKAQ gasfEg"
            >
              <div
                class="sc-bdvvtL imDser"
              >
                <mocked-star-void-svg
                  height="16"
                  width="16"
                />
              </div>
              <div
                class="sc-bdvvtL imDser"
              >
                <mocked-star-void-svg
                  height="16"
                  width="16"
                />
              </div>
              <div
                class="sc-bdvvtL imDser"
              >
                <mocked-star-void-svg
                  height="16"
                  width="16"
                />
              </div>
              <div
                class="sc-bdvvtL imDser"
              >
                <mocked-star-void-svg
                  height="16"
                  width="16"
                />
              </div>
              <div
                class="sc-bdvvtL imDser"
              >
                <mocked-star-void-svg
                  height="16"
                  width="16"
                />
              </div>
            </div>
          </div>
        </div>
      </div>
    </div>
    <div
      class="col-12 col-lg-4 col-md-6 col-xxl-3 px-1"
    >
      <div
        class="card mt-4"
      >
        <a
          href="/view?key=key-3"
          style="text-decoration: none;"
        >
          <div
            class="sc-furwcr fVLpJB card-img-top"
          >
            <div
              class="sc-pVTFL cyHGvI"
            />
            <img
              class="sc-jrQzAO kNhoaI"
              src="http://dummy-api-host/snapshot?key=key-3"
              style="opacity: 1;"
            />
            <div
              class="sc-kDTinF ihyLWR hstack m-1"
            />
          </div>
        </a>
        <div
          class="card-body"
        >
          <div
            class="card-title eglWpm fs-6 sc-egiyK"
            title="Video-3"
          >
            <a
              href="/view?key=key-3"
              style="text-decoration: none;"
            >
              Video-3
            </a>
          </div>
          <div
            class="card-subtitle text-muted"
          >
            <div
              class="sc-gsDKAQ gasfEg"
            >
              <div
                class="sc-bdvvtL imDser"
              >
                <mocked-star-void-svg
                  height="16"
                  width="16"
                />
              </div>
              <div
                class="sc-bdvvtL imDser"
              >
                <mocked-star-void-svg
                  height="16"
                  width="16"
                />
              </div>
              <div
                class="sc-bdvvtL imDser"
              >
                <mocked-star-void-svg
                  height="16"
                  width="16"
                />
              </div>
              <div
                class="sc-bdvvtL imDser"
              >
                <mocked-star-void-svg
                  height="16"
                  width="16"
                />
              </div>
              <div
                class="sc-bdvvtL imDser"
              >
                <mocked-star-void-svg
                  height="16"
                  width="16"
                />
              </div>
            </div>
          </div>
        </div>
      </div>
    </div>
    <div
      class="col-12 col-lg-4 col-md-6 col-xxl-3 px-1"
    >
      <div
        class="card mt-4"
      >
        <a
          href="/view?key=key-4"
          style="text-decoration: none;"
        >
          <div
            class="sc-furwcr fVLpJB card-img-top"
          >
            <div
              class="sc-pVTFL cyHGvI"
            />
            <img
              class="sc-jrQzAO kNhoaI"
              src="http://dummy-api-host/snapshot?key=key-4"
              style="opacity: 1;"
            />
            <div
              class="sc-kDTinF ihyLWR hstack m-1"
            />
          </div>
        </a>
        <div
          class="card-body"
        >
          <div
            class="card-title eglWpm fs-6 sc-egiyK"
            title="Video-4"
          >
            <a
              href="/view?key=key-4"
              style="text-decoration: none;"
            >
              Video-4
            </a>
          </div>
          <div
            class="card-subtitle text-muted"
          >
            <div
              class="sc-gsDKAQ gasfEg"
            >
              <div
                class="sc-bdvvtL imDser"
              >
                <mocked-star-void-svg
                  height="16"
                  width="16"
                />
              </div>
              <div
                class="sc-bdvvtL imDser"
              >
                <mocked-star-void-svg
                  height="16"
                  width="16"
                />
              </div>
              <div
                class="sc-bdvvtL imDser"
              >
                <mocked-star-void-svg
                  height="16"
                  width="16"
                />
              </div>
              <div
                class="sc-bdvvtL imDser"
              >
                <mocked-star-void-svg
                  height="16"
                  width="16"
                />
              </div>
              <div
                class="sc-bdvvtL imDser"
              >
                <mocked-star-void-svg
                  height="16"
                  width="16"
                />
              </div>
            </div>
          </div>
        </div>
      </div>
    </div>
    <div
      class="col-12 col-lg-4 col-md-6 col-xxl-3 px-1"
    >
      <div
        class="card mt-4"
      >
        <a
          href="/view?key=key-5"
          style="text-decoration: none;"
        >
          <div
            class="sc-furwcr fVLpJB card-img-top"
          >
            <div
              class="sc-pVTFL cyHGvI"
            />
            <img
              class="sc-jrQzAO kNhoaI"
              src="http://dummy-api-host/snapshot?key=key-5"
              style="opacity: 1;"
            />
            <div
              class="sc-kDTinF ihyLWR hstack m-1"
            />
          </div>
        </a>
        <div
          class="card-body"
        >
          <div
            class="card-title eglWpm fs-6 sc-egiyK"
            title="Video-5"
          >
            <a
              href="/view?key=key-5"
              style="text-decoration: none;"
            >
              Video-5
            </a>
          </div>
          <div
            class="card-subtitle text-muted"
          >
            <div
              class="sc-gsDKAQ gasfEg"
            >
              <div
                class="sc-bdvvtL imDser"
              >
                <mocked-star-void-svg
                  height="16"
                  width="16"
                />
              </div>
              <div
                class="sc-bdvvtL imDser"
              >
                <mocked-star-void-svg
                  height="16"
                  width="16"
                />
              </div>
              <div
                class="sc-bdvvtL imDser"
              >
                <mocked-star-void-svg
                  height="16"
                  width="16"
                />
              </div>
              <div
                class="sc-bdvvtL imDser"
              >
                <mocked-star-void-svg
                  height="16"
                  width="16"
                />
              </div>
              <div
                class="sc-bdvvtL imDser"
              >
                <mocked-star-void-svg
                  height="16"
                  width="16"
                />
              </div>
            </div>
          </div>
        </div>
      </div>
    </div>
    <div
      class="col-12 col-lg-4 col-md-6 col-xxl-3 px-1"
    >
      <div
        class="card mt-4"
      >
        <a
          href="/view?key=key-6"
          style="text-decoration: none;"
        >
          <div
            class="sc-furwcr fVLpJB card-img-top"
          >
            <div
              class="sc-pVTFL cyHGvI"
            />
            <img
              class="sc-jrQzAO kNhoaI"
              src="http://dummy-api-host/snapshot?key=key-6"
              style="opacity: 1;"
            />
            <div
              class="sc-kDTinF ihyLWR hstack m-1"
            />
          </div>
        </a>
        <div
          class="card-body"
        >
          <div
            class="card-title eglWpm fs-6 sc-egiyK"
            title="Video-6"
          >
            <a
              href="/view?key=key-6"
              style="text-decoration: none;"
            >
              Video-6
            </a>
          </div>
          <div
            class="card-subtitle text-muted"
          >
            <div
              class="sc-gsDKAQ gasfEg"
            >
              <div
                class="sc-bdvvtL imDser"
              >
                <mocked-star-void-svg
                  height="16"
                  width="16"
                />
              </div>
              <div
                class="sc-bdvvtL imDser"
              >
                <mocked-star-void-svg
                  height="16"
                  width="16"
                />
              </div>
              <div
                class="sc-bdvvtL imDser"
              >
                <mocked-star-void-svg
                  height="16"
                  width="16"
                />
              </div>
              <div
                class="sc-bdvvtL imDser"
              >
                <mocked-star-void-svg
                  height="16"
                  width="16"
                />
              </div>
              <div
                class="sc-bdvvtL imDser"
              >
                <mocked-star-void-svg
                  height="16"
                  width="16"
                />
              </div>
            </div>
          </div>
        </div>
      </div>
    </div>
  </div>
</div>
`;
