// Jest Snapshot v1, https://goo.gl/fbAQLP

exports[`Header renders properly 1`] = `
<div>
  <nav
    class="border-bottom navbar navbar-expand-sm navbar-light bg-light fixed-top"
  >
    <div
      class="container-fluid"
    >
      <a
        class="me-auto navbar-brand"
        href="/"
      >
        [MockedIconSvg className="sc-bdvvtL jLKyDm d-inline d-sm-none" /]
        [MockedLogoSvg className="sc-gsDKAQ ljCoMj d-none d-sm-inline" /]
      </a>
      <button
        aria-label="Toggle navigation"
        class="navbar-toggler collapsed"
        type="button"
      >
        <span
          class="navbar-toggler-icon"
        />
      </button>
      <div
        class="justify-content-end mt-3 mt-sm-0 navbar-collapse collapse"
      >
        <div
          class="navbar-nav"
        >
          <form
            class="d-flex"
          >
            <input
              class="form-control"
              type="search"
            />
            <button
              class="ms-2 text-nowrap btn btn-primary"
              type="button"
            >
              [MockedSearchSvg className="sc-dkPtRN gtPUWC" /]
              <span
                class="d-inline d-sm-none d-md-inline ms-1 ms-sm-0 ms-lg-1 align-middle"
              >
                Search
              </span>
            </button>
          </form>
        </div>
        <div
          class="ms-2 mt-2 mt-sm-0 navbar-nav"
        >
          <div>
            [MockedLanguageSvg className="sc-hKwDye jjkbGY" /]
            <span
              class="sc-jRQBWg fmpVRd d-inline d-sm-none d-lg-inline ms-1 ms-sm-0 ms-lg-1 align-middle"
            >
              Language
            </span>
          </div>
        </div>
        <div
          class="ms-2 mt-2 mt-sm-0 navbar-nav"
        >
          <a
            class="p-0 nav-link"
            data-rr-ui-event-key="/config"
            href="/config"
          >
            [MockedConfigSvg className="sc-eCImPb gpLiHk" /]
            <span
              class="sc-jRQBWg fmpVRd d-inline d-sm-none d-lg-inline ms-1 ms-sm-0 ms-lg-1 align-middle"
            >
              Config
            </span>
          </a>
        </div>
      </div>
    </div>
  </nav>
</div>
`;
