// Jest Snapshot v1, https://goo.gl/fbAQLP

exports[`VideoTable renders properly 1`] = `
<div>
  <div
    class="row"
  >
    <div
      class="px-1 col-xxl-3 col-lg-4 col-md-6 col-12"
    >
      <div
        class="mt-4 card"
      >
        <a
          href="/view?key=key-1"
          style="text-decoration: none;"
        >
          <div
            class="sc-bdvvtL iRLeeU card-img-top"
          >
            <div
              class="sc-gsDKAQ esGSdz"
            />
            <img
              class="sc-dkPtRN cQjecG"
              src="http://dummy-api-host/snapshot?key=key-1"
              style="opacity: 1;"
            />
            <div
              class="sc-hKwDye ihnUmD hstack m-1"
            />
          </div>
        </a>
        <div
          class="card-body"
        >
          <div
            class="fs-6 text-truncate card-title h5"
            title="Video-1"
          >
            <a
              href="/view?key=key-1"
              style="text-decoration: none;"
            >
              Video-1
            </a>
          </div>
          <div
            class="text-muted card-subtitle h6"
          >
            <div
              class="sc-iCfMLu iCHdgv"
            >
              <div
                class="sc-gKclnd cZoYU"
              >
                [MockedStarVoidSvg width="16" height="16" /]
              </div>
              <div
                class="sc-gKclnd cZoYU"
              >
                [MockedStarVoidSvg width="16" height="16" /]
              </div>
              <div
                class="sc-gKclnd cZoYU"
              >
                [MockedStarVoidSvg width="16" height="16" /]
              </div>
              <div
                class="sc-gKclnd cZoYU"
              >
                [MockedStarVoidSvg width="16" height="16" /]
              </div>
              <div
                class="sc-gKclnd cZoYU"
              >
                [MockedStarVoidSvg width="16" height="16" /]
              </div>
            </div>
          </div>
        </div>
      </div>
    </div>
    <div
      class="px-1 col-xxl-3 col-lg-4 col-md-6 col-12"
    >
      <div
        class="mt-4 card"
      >
        <a
          href="/view?key=key-2"
          style="text-decoration: none;"
        >
          <div
            class="sc-bdvvtL iRLeeU card-img-top"
          >
            <div
              class="sc-gsDKAQ esGSdz"
            />
            <img
              class="sc-dkPtRN cQjecG"
              src="http://dummy-api-host/snapshot?key=key-2"
              style="opacity: 1;"
            />
            <div
              class="sc-hKwDye ihnUmD hstack m-1"
            />
          </div>
        </a>
        <div
          class="card-body"
        >
          <div
            class="fs-6 text-truncate card-title h5"
            title="Video-2"
          >
            <a
              href="/view?key=key-2"
              style="text-decoration: none;"
            >
              Video-2
            </a>
          </div>
          <div
            class="text-muted card-subtitle h6"
          >
            <div
              class="sc-iCfMLu iCHdgv"
            >
              <div
                class="sc-gKclnd cZoYU"
              >
                [MockedStarVoidSvg width="16" height="16" /]
              </div>
              <div
                class="sc-gKclnd cZoYU"
              >
                [MockedStarVoidSvg width="16" height="16" /]
              </div>
              <div
                class="sc-gKclnd cZoYU"
              >
                [MockedStarVoidSvg width="16" height="16" /]
              </div>
              <div
                class="sc-gKclnd cZoYU"
              >
                [MockedStarVoidSvg width="16" height="16" /]
              </div>
              <div
                class="sc-gKclnd cZoYU"
              >
                [MockedStarVoidSvg width="16" height="16" /]
              </div>
            </div>
          </div>
        </div>
      </div>
    </div>
    <div
      class="px-1 col-xxl-3 col-lg-4 col-md-6 col-12"
    >
      <div
        class="mt-4 card"
      >
        <a
          href="/view?key=key-3"
          style="text-decoration: none;"
        >
          <div
            class="sc-bdvvtL iRLeeU card-img-top"
          >
            <div
              class="sc-gsDKAQ esGSdz"
            />
            <img
              class="sc-dkPtRN cQjecG"
              src="http://dummy-api-host/snapshot?key=key-3"
              style="opacity: 1;"
            />
            <div
              class="sc-hKwDye ihnUmD hstack m-1"
            />
          </div>
        </a>
        <div
          class="card-body"
        >
          <div
            class="fs-6 text-truncate card-title h5"
            title="Video-3"
          >
            <a
              href="/view?key=key-3"
              style="text-decoration: none;"
            >
              Video-3
            </a>
          </div>
          <div
            class="text-muted card-subtitle h6"
          >
            <div
              class="sc-iCfMLu iCHdgv"
            >
              <div
                class="sc-gKclnd cZoYU"
              >
                [MockedStarVoidSvg width="16" height="16" /]
              </div>
              <div
                class="sc-gKclnd cZoYU"
              >
                [MockedStarVoidSvg width="16" height="16" /]
              </div>
              <div
                class="sc-gKclnd cZoYU"
              >
                [MockedStarVoidSvg width="16" height="16" /]
              </div>
              <div
                class="sc-gKclnd cZoYU"
              >
                [MockedStarVoidSvg width="16" height="16" /]
              </div>
              <div
                class="sc-gKclnd cZoYU"
              >
                [MockedStarVoidSvg width="16" height="16" /]
              </div>
            </div>
          </div>
        </div>
      </div>
    </div>
    <div
      class="px-1 col-xxl-3 col-lg-4 col-md-6 col-12"
    >
      <div
        class="mt-4 card"
      >
        <a
          href="/view?key=key-4"
          style="text-decoration: none;"
        >
          <div
            class="sc-bdvvtL iRLeeU card-img-top"
          >
            <div
              class="sc-gsDKAQ esGSdz"
            />
            <img
              class="sc-dkPtRN cQjecG"
              src="http://dummy-api-host/snapshot?key=key-4"
              style="opacity: 1;"
            />
            <div
              class="sc-hKwDye ihnUmD hstack m-1"
            />
          </div>
        </a>
        <div
          class="card-body"
        >
          <div
            class="fs-6 text-truncate card-title h5"
            title="Video-4"
          >
            <a
              href="/view?key=key-4"
              style="text-decoration: none;"
            >
              Video-4
            </a>
          </div>
          <div
            class="text-muted card-subtitle h6"
          >
            <div
              class="sc-iCfMLu iCHdgv"
            >
              <div
                class="sc-gKclnd cZoYU"
              >
                [MockedStarVoidSvg width="16" height="16" /]
              </div>
              <div
                class="sc-gKclnd cZoYU"
              >
                [MockedStarVoidSvg width="16" height="16" /]
              </div>
              <div
                class="sc-gKclnd cZoYU"
              >
                [MockedStarVoidSvg width="16" height="16" /]
              </div>
              <div
                class="sc-gKclnd cZoYU"
              >
                [MockedStarVoidSvg width="16" height="16" /]
              </div>
              <div
                class="sc-gKclnd cZoYU"
              >
                [MockedStarVoidSvg width="16" height="16" /]
              </div>
            </div>
          </div>
        </div>
      </div>
    </div>
    <div
      class="px-1 col-xxl-3 col-lg-4 col-md-6 col-12"
    >
      <div
        class="mt-4 card"
      >
        <a
          href="/view?key=key-5"
          style="text-decoration: none;"
        >
          <div
            class="sc-bdvvtL iRLeeU card-img-top"
          >
            <div
              class="sc-gsDKAQ esGSdz"
            />
            <img
              class="sc-dkPtRN cQjecG"
              src="http://dummy-api-host/snapshot?key=key-5"
              style="opacity: 1;"
            />
            <div
              class="sc-hKwDye ihnUmD hstack m-1"
            />
          </div>
        </a>
        <div
          class="card-body"
        >
          <div
            class="fs-6 text-truncate card-title h5"
            title="Video-5"
          >
            <a
              href="/view?key=key-5"
              style="text-decoration: none;"
            >
              Video-5
            </a>
          </div>
          <div
            class="text-muted card-subtitle h6"
          >
            <div
              class="sc-iCfMLu iCHdgv"
            >
              <div
                class="sc-gKclnd cZoYU"
              >
                [MockedStarVoidSvg width="16" height="16" /]
              </div>
              <div
                class="sc-gKclnd cZoYU"
              >
                [MockedStarVoidSvg width="16" height="16" /]
              </div>
              <div
                class="sc-gKclnd cZoYU"
              >
                [MockedStarVoidSvg width="16" height="16" /]
              </div>
              <div
                class="sc-gKclnd cZoYU"
              >
                [MockedStarVoidSvg width="16" height="16" /]
              </div>
              <div
                class="sc-gKclnd cZoYU"
              >
                [MockedStarVoidSvg width="16" height="16" /]
              </div>
            </div>
          </div>
        </div>
      </div>
    </div>
    <div
      class="px-1 col-xxl-3 col-lg-4 col-md-6 col-12"
    >
      <div
        class="mt-4 card"
      >
        <a
          href="/view?key=key-6"
          style="text-decoration: none;"
        >
          <div
            class="sc-bdvvtL iRLeeU card-img-top"
          >
            <div
              class="sc-gsDKAQ esGSdz"
            />
            <img
              class="sc-dkPtRN cQjecG"
              src="http://dummy-api-host/snapshot?key=key-6"
              style="opacity: 1;"
            />
            <div
              class="sc-hKwDye ihnUmD hstack m-1"
            />
          </div>
        </a>
        <div
          class="card-body"
        >
          <div
            class="fs-6 text-truncate card-title h5"
            title="Video-6"
          >
            <a
              href="/view?key=key-6"
              style="text-decoration: none;"
            >
              Video-6
            </a>
          </div>
          <div
            class="text-muted card-subtitle h6"
          >
            <div
              class="sc-iCfMLu iCHdgv"
            >
              <div
                class="sc-gKclnd cZoYU"
              >
                [MockedStarVoidSvg width="16" height="16" /]
              </div>
              <div
                class="sc-gKclnd cZoYU"
              >
                [MockedStarVoidSvg width="16" height="16" /]
              </div>
              <div
                class="sc-gKclnd cZoYU"
              >
                [MockedStarVoidSvg width="16" height="16" /]
              </div>
              <div
                class="sc-gKclnd cZoYU"
              >
                [MockedStarVoidSvg width="16" height="16" /]
              </div>
              <div
                class="sc-gKclnd cZoYU"
              >
                [MockedStarVoidSvg width="16" height="16" /]
              </div>
            </div>
          </div>
        </div>
      </div>
    </div>
  </div>
</div>
`;
