// Jest Snapshot v1, https://goo.gl/fbAQLP

exports[`VideoTable renders properly 1`] = `
<div>
  <div
    class="row"
  >
    <div
      class="px-1 col-xxl-3 col-md-4 col-sm-6 col-12"
    >
      <a
        href="/view?id=1"
        style="text-decoration: none;"
      >
        <div
          class="mt-4 card"
        >
          <div
            class="sc-bdvvtL iRLeeU card-img-top"
          >
            <img
              src="http://dummy-api-host/snapshot?id=1"
            />
          </div>
          <div
            class="card-body"
          >
            <div
              class="fs-6 text-truncate card-title h5"
            >
              Video-1
            </div>
            <div
              class="mb-2 text-muted card-subtitle h6"
            >
              <svgr-mock
                height="16"
                width="16"
              />
              <svgr-mock
                height="16"
                width="16"
              />
              <svgr-mock
                height="16"
                width="16"
              />
              <svgr-mock
                height="16"
                width="16"
              />
              <svgr-mock
                height="16"
                width="16"
              />
            </div>
          </div>
        </div>
      </a>
    </div>
    <div
      class="px-1 col-xxl-3 col-md-4 col-sm-6 col-12"
    >
      <a
        href="/view?id=2"
        style="text-decoration: none;"
      >
        <div
          class="mt-4 card"
        >
          <div
            class="sc-bdvvtL iRLeeU card-img-top"
          >
            <img
              src="http://dummy-api-host/snapshot?id=2"
            />
          </div>
          <div
            class="card-body"
          >
            <div
              class="fs-6 text-truncate card-title h5"
            >
              Video-2
            </div>
            <div
              class="mb-2 text-muted card-subtitle h6"
            >
              <svgr-mock
                height="16"
                width="16"
              />
              <svgr-mock
                height="16"
                width="16"
              />
              <svgr-mock
                height="16"
                width="16"
              />
              <svgr-mock
                height="16"
                width="16"
              />
              <svgr-mock
                height="16"
                width="16"
              />
            </div>
          </div>
        </div>
      </a>
    </div>
    <div
      class="px-1 col-xxl-3 col-md-4 col-sm-6 col-12"
    >
      <a
        href="/view?id=3"
        style="text-decoration: none;"
      >
        <div
          class="mt-4 card"
        >
          <div
            class="sc-bdvvtL iRLeeU card-img-top"
          >
            <img
              src="http://dummy-api-host/snapshot?id=3"
            />
          </div>
          <div
            class="card-body"
          >
            <div
              class="fs-6 text-truncate card-title h5"
            >
              Video-3
            </div>
            <div
              class="mb-2 text-muted card-subtitle h6"
            >
              <svgr-mock
                height="16"
                width="16"
              />
              <svgr-mock
                height="16"
                width="16"
              />
              <svgr-mock
                height="16"
                width="16"
              />
              <svgr-mock
                height="16"
                width="16"
              />
              <svgr-mock
                height="16"
                width="16"
              />
            </div>
          </div>
        </div>
      </a>
    </div>
    <div
      class="px-1 col-xxl-3 col-md-4 col-sm-6 col-12"
    >
      <a
        href="/view?id=4"
        style="text-decoration: none;"
      >
        <div
          class="mt-4 card"
        >
          <div
            class="sc-bdvvtL iRLeeU card-img-top"
          >
            <img
              src="http://dummy-api-host/snapshot?id=4"
            />
          </div>
          <div
            class="card-body"
          >
            <div
              class="fs-6 text-truncate card-title h5"
            >
              Video-4
            </div>
            <div
              class="mb-2 text-muted card-subtitle h6"
            >
              <svgr-mock
                height="16"
                width="16"
              />
              <svgr-mock
                height="16"
                width="16"
              />
              <svgr-mock
                height="16"
                width="16"
              />
              <svgr-mock
                height="16"
                width="16"
              />
              <svgr-mock
                height="16"
                width="16"
              />
            </div>
          </div>
        </div>
      </a>
    </div>
    <div
      class="px-1 col-xxl-3 col-md-4 col-sm-6 col-12"
    >
      <a
        href="/view?id=5"
        style="text-decoration: none;"
      >
        <div
          class="mt-4 card"
        >
          <div
            class="sc-bdvvtL iRLeeU card-img-top"
          >
            <img
              src="http://dummy-api-host/snapshot?id=5"
            />
          </div>
          <div
            class="card-body"
          >
            <div
              class="fs-6 text-truncate card-title h5"
            >
              Video-5
            </div>
            <div
              class="mb-2 text-muted card-subtitle h6"
            >
              <svgr-mock
                height="16"
                width="16"
              />
              <svgr-mock
                height="16"
                width="16"
              />
              <svgr-mock
                height="16"
                width="16"
              />
              <svgr-mock
                height="16"
                width="16"
              />
              <svgr-mock
                height="16"
                width="16"
              />
            </div>
          </div>
        </div>
      </a>
    </div>
    <div
      class="px-1 col-xxl-3 col-md-4 col-sm-6 col-12"
    >
      <a
        href="/view?id=6"
        style="text-decoration: none;"
      >
        <div
          class="mt-4 card"
        >
          <div
            class="sc-bdvvtL iRLeeU card-img-top"
          >
            <img
              src="http://dummy-api-host/snapshot?id=6"
            />
          </div>
          <div
            class="card-body"
          >
            <div
              class="fs-6 text-truncate card-title h5"
            >
              Video-6
            </div>
            <div
              class="mb-2 text-muted card-subtitle h6"
            >
              <svgr-mock
                height="16"
                width="16"
              />
              <svgr-mock
                height="16"
                width="16"
              />
              <svgr-mock
                height="16"
                width="16"
              />
              <svgr-mock
                height="16"
                width="16"
              />
              <svgr-mock
                height="16"
                width="16"
              />
            </div>
          </div>
        </div>
      </a>
    </div>
  </div>
</div>
`;
