// Jest Snapshot v1, https://goo.gl/fbAQLP

exports[`ConfigPage renders initial state properly 1`] = `
<div>
  <p
    class="sc-bdvvtL h1 pt-3"
  >
    Config
  </p>
  <form
    class=""
  >
    <p
      class="sc-gsDKAQ h5 mt-3"
    >
      Video storage path
    </p>
    <small
      class="text-muted form-text"
    >
      Add your video storage path which has your videos.
    </small>
    <div
      class="mt-1 hstack gap-2"
    >
      <button
        class="btn btn-secondary"
        data-testid="add-storage"
        type="button"
      >
        Add video storage path
      </button>
    </div>
    <p
      class="sc-gsDKAQ h5 mt-3"
    >
      ffmpeg path
    </p>
    <small
      class="text-muted form-text"
    >
      No need to set unless you want to change it from default.
    </small>
    <input
      class="mt-1 form-control"
      data-testid="ffmpeg"
      type="text"
      value=""
    />
    <div
      class="mt-3 hstack gap-2"
    >
      <button
        class="btn btn-primary"
        data-testid="save-config"
        disabled=""
        type="button"
      >
        Save config
      </button>
      <button
        class="btn btn-link"
        data-testid="cancel"
        disabled=""
        type="button"
      >
        Cancel
      </button>
    </div>
  </form>
  <p
    class="sc-bdvvtL h1 pt-3"
  >
    Server status 
    [MockedReloadSvg onClick="() =&gt; {
        api.getServerStatus().then(setServerStatus);
    }" width="32" height="32" className="sc-dkPtRN fYeJEY" /]
  </p>
  <p
    class="sc-gsDKAQ h5 mt-3"
  >
    Searchable videos
  </p>
  <p>
    1
  </p>
  <p
    class="sc-gsDKAQ h5 mt-3"
  >
    Storages
  </p>
  <p>
    <b>
      dummyPath
    </b>
    <br />
    <span
      class="badge bg-secondary"
    >
      waiting
    </span>
     
    1
     movies found
    <br />
  </p>
  <p
    class="sc-gsDKAQ h5 mt-3"
  >
    Meta data
  </p>
  <p>
    0
     movies queued.
    <br />
  </p>
  <p
    class="sc-gsDKAQ h5 mt-3"
  >
    Thumbnails
  </p>
  <p>
    0
     movies queued.
    <br />
  </p>
  <p
    class="sc-gsDKAQ h5 mt-3"
  >
    Snapshot
  </p>
  <p>
    0
     movies queued.
    <br />
  </p>
</div>
`;
